// Jest Snapshot v1, https://goo.gl/fbAQLP

exports[`Tree Renders 1`] = `
.emotion-1 {
  display: -webkit-box;
  display: -webkit-flex;
  display: -ms-flexbox;
  display: flex;
  -webkit-padding-start: 0;
  padding-inline-start: 0;
  margin: 0;
  padding-top: var(--tree-line-height);
  position: relative;
}

.emotion-1::before {
  content: '';
  position: absolute;
  top: 0;
  height: var(--tree-line-height);
  box-sizing: border-box;
  left: 50%;
  width: 0;
  border-left: var(--tree-line-width) var(--tree-node-line-style) var(--tree-line-color);
}

.emotion-5 {
  -webkit-padding-start: 0;
  padding-inline-start: 0;
  margin: 0;
  display: -webkit-box;
  display: -webkit-flex;
  display: -ms-flexbox;
  display: flex;
  --line-height: 20px;
  --line-width: 1px;
  --line-color: black;
  --line-border-radius: 5px;
  --line-style: solid;
  --node-padding: 5px;
  --tree-line-height: var(--line-height, 20px);
  --tree-line-width: var(--line-width, 1px);
  --tree-line-color: var(--line-color, black);
  --tree-line-border-radius: var(--line-border-radius, 5px);
  --tree-node-line-style: var(--line-style, solid);
  --tree-node-padding: var(--node-padding, 5px);
}

.emotion-0 {
  -webkit-flex: auto;
  -ms-flex: auto;
  flex: auto;
  text-align: center;
  list-style-type: none;
  position: relative;
  padding: var(--tree-line-height) var(--tree-node-padding) 0 var(--tree-node-padding);
}

.emotion-0::before,
.emotion-0::after {
  content: '';
  position: absolute;
  top: 0;
  height: var(--tree-line-height);
  box-sizing: border-box;
  right: 50%;
  width: 50%;
  border-top: var(--tree-line-width) var(--tree-node-line-style) var(--tree-line-color);
}

.emotion-0::after {
  left: 50%;
  border-left: var(--tree-line-width) var(--tree-node-line-style) var(--tree-line-color);
}

.emotion-0:only-of-type {
  padding: 0;
}

.emotion-0:only-of-type::after,
.emotion-0:only-of-type:before {
  display: none;
}



.emotion-0:first-of-type::before {
  border: 0 none;
}

.emotion-0:first-of-type::after {
  border-radius: var(--tree-line-border-radius) 0 0 0;
}



.emotion-0:last-of-type::before {
  border-right: var(--tree-line-width) var(--tree-node-line-style) var(--tree-line-color);
  border-radius: 0 var(--tree-line-border-radius) 0 0;
}

.emotion-0:last-of-type::after {
  border: 0 none;
}

<ul
  class="emotion-5"
>
  <li
    class="emotion-0"
  >
    Root
    <ul
      class="emotion-1"
    >
      <li
        class="emotion-0"
      >
        Child
        <ul
          class="emotion-1"
        >
          <li
            class="emotion-0"
          >
            Grand Child
          </li>
        </ul>
      </li>
    </ul>
  </li>
</ul>
`;
